◇ injected env (5) from .env // tip: ⌘ suppress logs { quiet: true }
IPTV API running on port 3000
◇ injected env (5) from .env // tip: ◈ encrypted .env [www.dotenvx.com]
IPTV API running on port 3000
◇ injected env (5) from .env // tip: ⌘ suppress logs { quiet: true }
IPTV API running on port 3000
◇ injected env (5) from .env // tip: ⌘ suppress logs { quiet: true }
IPTV API running on port 3000
◇ injected env (5) from .env // tip: ⌘ suppress logs { quiet: true }
IPTV API running on port 3000
◇ injected env (5) from .env // tip: ⌘ override existing { override: true }
◇ injected env (5) from .env // tip: ⌘ suppress logs { quiet: true }
◇ injected env (5) from .env // tip: ⌘ enable debugging { debug: true }
◇ injected env (5) from .env // tip: ⌘ multiple files { path: ['.env.local', '.env'] }
◇ injected env (5) from .env // tip: ◈ secrets for agents [www.dotenvx.com]
◇ injected env (5) from .env // tip: ⌘ suppress logs { quiet: true }
◇ injected env (5) from .env // tip: ⌘ multiple files { path: ['.env.local', '.env'] }
IPTV API running on port 3000
◇ injected env (5) from .env // tip: ⌘ custom filepath { path: '/custom/path/.env' }
IPTV API running on port 3000
◇ injected env (5) from .env // tip: ◈ secrets for agents [www.dotenvx.com]
IPTV API running on port 3000
◇ injected env (5) from .env // tip: ⌘ multiple files { path: ['.env.local', '.env'] }
IPTV API running on port 3000
◇ injected env (5) from .env // tip: ⌘ suppress logs { quiet: true }
IPTV API running on port 3000
◇ injected env (5) from .env // tip: ⌘ override existing { override: true }
IPTV API running on port 3000
