Warning: connect.session() MemoryStore is not
designed for a production environment, as it will leak
memory, and will not scale past a single process.
Warning: connect.session() MemoryStore is not
designed for a production environment, as it will leak
memory, and will not scale past a single process.
Warning: connect.session() MemoryStore is not
designed for a production environment, as it will leak
memory, and will not scale past a single process.
Warning: connect.session() MemoryStore is not
designed for a production environment, as it will leak
memory, and will not scale past a single process.
Warning: connect.session() MemoryStore is not
designed for a production environment, as it will leak
memory, and will not scale past a single process.
node:internal/modules/cjs/loader:1520
  throw err;
  ^

Error: Cannot find module './routes/admin-clients'
Require stack:
- C:\Users\Admin\iptv-api\server.js
    at Module._resolveFilename (node:internal/modules/cjs/loader:1517:15)
    at wrapResolveFilename (node:internal/modules/cjs/loader:1071:27)
    at defaultResolveImplForCJSLoading (node:internal/modules/cjs/loader:1095:10)
    at resolveForCJSWithHooks (node:internal/modules/cjs/loader:1122:12)
    at Module._load (node:internal/modules/cjs/loader:1294:5)
    at wrapModuleLoad (node:internal/modules/cjs/loader:255:19)
    at Module.require (node:internal/modules/cjs/loader:1617:12)
    at require (node:internal/modules/helpers:153:16)
    at Object.<anonymous> (C:\Users\Admin\iptv-api\server.js:6:28)
    at Module._compile (node:internal/modules/cjs/loader:1872:14) {
  code: 'MODULE_NOT_FOUND',
  requireStack: [ 'C:\\Users\\Admin\\iptv-api\\server.js' ]
}

Node.js v24.19.0
node:internal/modules/cjs/loader:1520
  throw err;
  ^

Error: Cannot find module './routes/admin-clients'
Require stack:
- C:\Users\Admin\iptv-api\server.js
    at Module._resolveFilename (node:internal/modules/cjs/loader:1517:15)
    at wrapResolveFilename (node:internal/modules/cjs/loader:1071:27)
    at defaultResolveImplForCJSLoading (node:internal/modules/cjs/loader:1095:10)
    at resolveForCJSWithHooks (node:internal/modules/cjs/loader:1122:12)
    at Module._load (node:internal/modules/cjs/loader:1294:5)
    at wrapModuleLoad (node:internal/modules/cjs/loader:255:19)
    at Module.require (node:internal/modules/cjs/loader:1617:12)
    at require (node:internal/modules/helpers:153:16)
    at Object.<anonymous> (C:\Users\Admin\iptv-api\server.js:6:28)
    at Module._compile (node:internal/modules/cjs/loader:1872:14) {
  code: 'MODULE_NOT_FOUND',
  requireStack: [ 'C:\\Users\\Admin\\iptv-api\\server.js' ]
}

Node.js v24.19.0
node:internal/modules/cjs/loader:1520
  throw err;
  ^

Error: Cannot find module './routes/admin-clients'
Require stack:
- C:\Users\Admin\iptv-api\server.js
    at Module._resolveFilename (node:internal/modules/cjs/loader:1517:15)
    at wrapResolveFilename (node:internal/modules/cjs/loader:1071:27)
    at defaultResolveImplForCJSLoading (node:internal/modules/cjs/loader:1095:10)
    at resolveForCJSWithHooks (node:internal/modules/cjs/loader:1122:12)
    at Module._load (node:internal/modules/cjs/loader:1294:5)
    at wrapModuleLoad (node:internal/modules/cjs/loader:255:19)
    at Module.require (node:internal/modules/cjs/loader:1617:12)
    at require (node:internal/modules/helpers:153:16)
    at Object.<anonymous> (C:\Users\Admin\iptv-api\server.js:6:28)
    at Module._compile (node:internal/modules/cjs/loader:1872:14) {
  code: 'MODULE_NOT_FOUND',
  requireStack: [ 'C:\\Users\\Admin\\iptv-api\\server.js' ]
}

Node.js v24.19.0
node:internal/modules/cjs/loader:1520
  throw err;
  ^

Error: Cannot find module './routes/admin-clients'
Require stack:
- C:\Users\Admin\iptv-api\server.js
    at Module._resolveFilename (node:internal/modules/cjs/loader:1517:15)
    at wrapResolveFilename (node:internal/modules/cjs/loader:1071:27)
    at defaultResolveImplForCJSLoading (node:internal/modules/cjs/loader:1095:10)
    at resolveForCJSWithHooks (node:internal/modules/cjs/loader:1122:12)
    at Module._load (node:internal/modules/cjs/loader:1294:5)
    at wrapModuleLoad (node:internal/modules/cjs/loader:255:19)
    at Module.require (node:internal/modules/cjs/loader:1617:12)
    at require (node:internal/modules/helpers:153:16)
    at Object.<anonymous> (C:\Users\Admin\iptv-api\server.js:6:28)
    at Module._compile (node:internal/modules/cjs/loader:1872:14) {
  code: 'MODULE_NOT_FOUND',
  requireStack: [ 'C:\\Users\\Admin\\iptv-api\\server.js' ]
}

Node.js v24.19.0
node:internal/modules/cjs/loader:1520
  throw err;
  ^

Error: Cannot find module './routes/admin-clients'
Require stack:
- C:\Users\Admin\iptv-api\server.js
    at Module._resolveFilename (node:internal/modules/cjs/loader:1517:15)
    at wrapResolveFilename (node:internal/modules/cjs/loader:1071:27)
    at defaultResolveImplForCJSLoading (node:internal/modules/cjs/loader:1095:10)
    at resolveForCJSWithHooks (node:internal/modules/cjs/loader:1122:12)
    at Module._load (node:internal/modules/cjs/loader:1294:5)
    at wrapModuleLoad (node:internal/modules/cjs/loader:255:19)
    at Module.require (node:internal/modules/cjs/loader:1617:12)
    at require (node:internal/modules/helpers:153:16)
    at Object.<anonymous> (C:\Users\Admin\iptv-api\server.js:6:28)
    at Module._compile (node:internal/modules/cjs/loader:1872:14) {
  code: 'MODULE_NOT_FOUND',
  requireStack: [ 'C:\\Users\\Admin\\iptv-api\\server.js' ]
}

Node.js v24.19.0
node:internal/modules/cjs/loader:1520
  throw err;
  ^

Error: Cannot find module './routes/admin-clients'
Require stack:
- C:\Users\Admin\iptv-api\server.js
    at Module._resolveFilename (node:internal/modules/cjs/loader:1517:15)
    at wrapResolveFilename (node:internal/modules/cjs/loader:1071:27)
    at defaultResolveImplForCJSLoading (node:internal/modules/cjs/loader:1095:10)
    at resolveForCJSWithHooks (node:internal/modules/cjs/loader:1122:12)
    at Module._load (node:internal/modules/cjs/loader:1294:5)
    at wrapModuleLoad (node:internal/modules/cjs/loader:255:19)
    at Module.require (node:internal/modules/cjs/loader:1617:12)
    at require (node:internal/modules/helpers:153:16)
    at Object.<anonymous> (C:\Users\Admin\iptv-api\server.js:6:28)
    at Module._compile (node:internal/modules/cjs/loader:1872:14) {
  code: 'MODULE_NOT_FOUND',
  requireStack: [ 'C:\\Users\\Admin\\iptv-api\\server.js' ]
}

Node.js v24.19.0
Warning: connect.session() MemoryStore is not
designed for a production environment, as it will leak
memory, and will not scale past a single process.
Warning: connect.session() MemoryStore is not
designed for a production environment, as it will leak
memory, and will not scale past a single process.
Warning: connect.session() MemoryStore is not
designed for a production environment, as it will leak
memory, and will not scale past a single process.
Warning: connect.session() MemoryStore is not
designed for a production environment, as it will leak
memory, and will not scale past a single process.
Warning: connect.session() MemoryStore is not
designed for a production environment, as it will leak
memory, and will not scale past a single process.
Warning: connect.session() MemoryStore is not
designed for a production environment, as it will leak
memory, and will not scale past a single process.
