[2026-08-25T20:23:56.070Z] No updates.
[2026-08-25T20:28:56.056Z] No updates.
[2026-08-25T20:33:56.069Z] No updates.
[2026-08-25T20:38:56.075Z] No updates.
[2026-08-25T20:43:56.084Z] No updates.
[2026-08-25T20:48:56.118Z] No updates.
[2026-08-25T21:13:02.951Z] No updates.
[2026-08-25T21:18:02.983Z] No updates.
[2026-08-25T21:23:02.971Z] No updates.
[2026-08-25T21:28:02.985Z] No updates.
[2026-08-25T21:33:02.952Z] No updates.
[2026-08-25T21:38:03.355Z] Update found: 726c23229db6807918ef6db3485a3c4e00b68c09 -> a7fb37be1f05f1d76f3c24ab6c9d8c5aa9d7ebec
[2026-08-25T21:38:04.387Z] Git update completed.
[2026-08-25T21:38:04.388Z] Running npm install...
[2026-08-25T21:38:07.130Z] npm install completed.
[2026-08-25T21:38:07.131Z] Restarting IPTV Manager API...
[2026-08-25T21:38:10.270Z] IPTV Manager API restarted.
[2026-08-25T21:43:03.310Z] Update found: a7fb37be1f05f1d76f3c24ab6c9d8c5aa9d7ebec -> 2ffcef3bc36d866aac167c5d617e2a3d92c3b9bf
[2026-08-25T21:43:04.352Z] Git update completed.
[2026-08-25T21:43:04.353Z] Running npm install...
[2026-08-25T21:43:06.254Z] npm install completed.
[2026-08-25T21:43:06.254Z] Restarting IPTV Manager API...
[2026-08-25T21:43:09.388Z] IPTV Manager API restarted.
[2026-08-25T21:48:02.991Z] No updates.
[2026-08-25T21:53:03.296Z] Update found: 2ffcef3bc36d866aac167c5d617e2a3d92c3b9bf -> 7dae9b2cd8c3fae40d10c95c763e01aa87d40d40
[2026-08-25T21:53:04.378Z] Git update completed.
[2026-08-25T21:53:04.378Z] Running npm install...
[2026-08-25T21:53:06.282Z] npm install completed.
[2026-08-25T21:53:06.282Z] Restarting IPTV Manager API...
[2026-08-25T21:53:09.441Z] IPTV Manager API restarted.
[2026-08-25T21:58:03.016Z] No updates.
[2026-08-25T22:03:03.004Z] No updates.
[2026-08-25T22:08:03.001Z] No updates.
[2026-08-25T22:13:03.042Z] No updates.
[2026-08-25T22:18:03.098Z] No updates.
[2026-08-25T22:23:03.027Z] No updates.
[2026-08-25T22:28:03.067Z] No updates.
[2026-08-25T22:33:03.136Z] No updates.
[2026-08-25T22:38:03.066Z] No updates.
[2026-08-25T22:43:03.086Z] No updates.
[2026-08-25T22:48:03.184Z] No updates.
[2026-08-25T22:53:03.104Z] No updates.
[2026-08-25T22:58:03.124Z] No updates.
[2026-08-25T23:03:03.120Z] No updates.
[2026-08-25T23:08:03.122Z] No updates.
[2026-08-25T23:13:03.095Z] No updates.
[2026-08-25T23:18:03.150Z] No updates.
[2026-08-25T23:23:03.195Z] No updates.
[2026-08-25T23:28:03.145Z] No updates.
[2026-08-25T23:33:03.163Z] No updates.
[2026-08-25T23:38:03.151Z] No updates.
[2026-08-25T23:43:03.197Z] No updates.
[2026-08-25T23:48:03.184Z] No updates.
[2026-08-25T23:53:03.187Z] No updates.
[2026-08-25T23:58:02.024Z] No updates.
[2026-08-26T00:03:01.985Z] No updates.
[2026-08-26T00:08:01.958Z] No updates.
[2026-08-26T00:13:02.004Z] No updates.
[2026-08-26T00:18:02.055Z] No updates.
[2026-08-26T00:23:02.060Z] No updates.
[2026-08-26T00:28:02.015Z] No updates.
[2026-08-26T00:33:02.041Z] No updates.
[2026-08-26T00:38:02.062Z] No updates.
[2026-08-26T00:43:02.056Z] No updates.
[2026-08-26T00:48:02.081Z] No updates.
[2026-08-26T00:53:02.062Z] No updates.
[2026-08-26T00:58:02.147Z] No updates.
[2026-08-26T01:03:02.124Z] No updates.
[2026-08-26T01:08:02.068Z] No updates.
[2026-08-26T01:13:02.049Z] No updates.
[2026-08-26T01:18:02.076Z] No updates.
[2026-08-26T01:23:02.090Z] No updates.
[2026-08-26T01:28:02.130Z] No updates.
[2026-08-26T01:33:02.187Z] No updates.
[2026-08-26T01:38:02.143Z] No updates.
[2026-08-26T01:43:02.089Z] No updates.
[2026-08-26T01:48:02.111Z] No updates.
[2026-08-26T01:53:02.284Z] No updates.
[2026-08-26T01:58:02.326Z] No updates.
[2026-08-26T02:03:02.163Z] No updates.
[2026-08-26T02:08:02.334Z] No updates.
